{
  "updated_at": "2026-08-26 13:19 (北京时间)",
  "ids": [
    "9b1f1714bb35",
    "5068ff9a14839ecd",
    "f21438d3919b",
    "3bca519144a9",
    "4dea23b3e9e7ae91",
    "f300eddd8ac7fc98",
    "38433f12b6cdb26a",
    "29db096cf3f343a4",
    "0c06fd2974a9",
    "60c289b7ad46",
    "4d9eb806da0acacd",
    "fbf2fe9531152447",
    "760df4965bd80f41",
    "4f36c9336158",
    "23c2da75310b",
    "73973edcbb9d",
    "a183c35b9bbc5910",
    "060d6e41e1df95a0",
    "d82f35f2a3045991",
    "57507c7e1fd43b8d",
    "423ca9e52cfe41d4",
    "4718415ae2721a1c",
    "78637d4e2b5a9c01",
    "75f9598bdf6324ea",
    "d7b489a5a13f50db",
    "8ebdf0081dd7a666",
    "46f8f1062197d686",
    "61d0a496aab3ef0d",
    "494331710b4abf0d",
    "d4416aa8fe8f009c",
    "cb2e9334225582f4",
    "9db20476b5e785b0",
    "e030e2f78597",
    "182db74458421b8b",
    "da7386551589b336",
    "354e0022e5cc10bd",
    "a1ece5e7dcabb679",
    "c54d7c5d0ccd",
    "d21cc5c811c6b2b3",
    "1d4c54429dda1292",
    "fb8bb3823b6559e5",
    "6365372c69db",
    "c4f3b13e4770",
    "e77395cc232f0561",
    "57862e3fdf66a07a",
    "3fc4484e1ff0e2c8",
    "79afc5ff184da0e4",
    "84d3deb652c5f22b",
    "eade79be6fa3ea28",
    "074b3b3bdfed6696",
    "b0945e9274a9661f",
    "33d261e6a06c",
    "a9be70d3a3c5c250",
    "b08c5f606142",
    "6f82023511bfbba0",
    "47a9b043f5498b50",
    "a5f3c7e9b2d81042",
    "dc6d615faff1",
    "62d5b94abadce0d1",
    "7a1e87e2b366",
    "a57639c0c3e7",
    "d21058c652c4572d",
    "fbadc9f61c82147f",
    "af49bd64d53cde46",
    "bb4415d3a9693608",
    "89da6c00f149",
    "c4e7a0b3f6191e82",
    "c86309b76c034f0a",
    "b5cce261cf06",
    "2edcdae44fd19de8",
    "40ce795ab6f300f3",
    "afe66ce4d253",
    "314290da33aa",
    "f82c950ebb97e0f5",
    "52c11ba74016",
    "7a0d577fc8fd7460",
    "83d88e72a53be9a0",
    "366958a1b032",
    "3c3613f5fb9a3eee",
    "9f8c701cc6d8bc50",
    "8ac960ade239a4df",
    "e0fc06b84fb24fc4",
    "97900b6d95f2e20a",
    "bca03b99acaf",
    "8f291f449ab6",
    "b1010d4a903e5017",
    "d80acebf2856",
    "a0a2c1f3b7f2",
    "d3d8223b79355867",
    "2aa40531d8e4efec",
    "2d31cb7969e61c36",
    "af2de1e435859566",
    "37829820f4726a22",
    "5f87d602d8dc5d94",
    "4cfc11edbbb5",
    "f8bf223b4a4b507f",
    "91890ccf86f6a23c",
    "a5dd42196d12",
    "5e6fac5b8cb6a0f7",
    "9331a3eb1b8acf61",
    "12330a1d57d0",
    "f4297d4b3e3a8456",
    "15c6ae5fa7dd3f8b",
    "e98819576010aa92",
    "00cc5005c6d1bfff",
    "1e3d1cb0d564",
    "ac49575d5905dd62",
    "2e8c4d9b7f3a1056",
    "ed7a8885de4a",
    "289246f3c4d5e6b0",
    "ec4ab8138b418329",
    "d960dc1f7e749056",
    "d5de2ee539d764de",
    "32e8d2c503422826",
    "04e70e5af9722c51",
    "4814ee75a4e5f648",
    "4a55e99b339a2fee",
    "f892da474941298c",
    "6935f2ced339",
    "edb796f76122",
    "ee5e7ff320b230ca",
    "91be693794a4",
    "26293ccd0b9c001a",
    "27c3048e780f4446",
    "cc9e7f6559b662c5",
    "4e6afe384c1ee45a",
    "3f73e871498a8486",
    "0a27040c3ddc",
    "b864fcb2b39aae69",
    "d10c6cac21de",
    "af172034dea77220",
    "b933635f87d28cc5",
    "21bafa788012eab8",
    "b6d3d6b661c0495b",
    "7259b8d03ab261cb",
    "70419d6ea6d7db5a",
    "ef3b38b23a3494a5",
    "4c2dd15c4642",
    "c6ae66e74b153db2",
    "db4a7d2490bf3d9a",
    "b89284c24a1e2acb",
    "6b7f6b4d0ad8",
    "3301e04072f88a15",
    "156966485c2b",
    "5258ab58d8a2bedd",
    "e0875fbac439514d",
    "39b2deb0a00921d7",
    "f2c82f090f6d810c",
    "2e6f80b9fd07",
    "52e6d564af57",
    "9a6023897e4b",
    "4097160f0e9c75d4",
    "d9b94f2fd13ed130",
    "fe2e7314f278",
    "25b75c7d3f899904",
    "2a3b1b42135b514e",
    "327d9e603aabc60e",
    "48cb7445c5621e21",
    "c7f2e5a9b0481e3d",
    "8ed9578c41420589",
    "c5a3e7f9b2d81063",
    "05687889bf89946e",
    "2be69d0809819dee",
    "7ab4f5321429e474",
    "5a4bb21ca17f5c6b",
    "5abc3562458f",
    "478356c1b20e714d",
    "de4c42140eac9fcb",
    "91763eb1ab40d79c",
    "0f27cfffa036",
    "c102c5101952",
    "30dd77b02995fe3e",
    "fd95e41fa5562a5c",
    "775f8289cf6129a4",
    "6d2205398186a864",
    "147a8e9eb927b7cb",
    "d4686bf9a5f2f13e",
    "fd53892c26863f55",
    "901b52ed6cb3586a",
    "d77c9ec79cd96ba4",
    "f114606ac370",
    "c634e174650c",
    "97c045ac3e7c",
    "3e051c9571659f96",
    "1f19893dc1499919",
    "ac5704b135199844",
    "58c43f5150af0b92",
    "2425026a883b9d83",
    "56f3e9e27ac58bae",
    "1cffa2aaacc69f1d",
    "0cf127bac99c8560",
    "b6854600f283",
    "edee3f8b67026b5f",
    "3d477bbf0c83ab91",
    "9195bb4536e6",
    "81396d3198c45540",
    "3e15cc129b2a",
    "3a85a119cf5bd4bf",
    "ee544d7fb5ab",
    "0d608cbe20eb",
    "85e2166139bae21e",
    "1ee6801dd4d2",
    "d4c81b6f20a7",
    "c041b93e235ef3cc",
    "1880f78f4d05",
    "7b2e5fa1c903",
    "4480603b16f4",
    "d0e9c2f5a8174b63",
    "173fbfe3e7fc",
    "d994e827688c3832",
    "e908d705f287f070",
    "73973edcbb9db6eb",
    "811c781635da",
    "d26b798ee9b5",
    "b20360f3b3ff542e",
    "a730321591ffdf26",
    "25d5532ae5ba896e",
    "fdaf472d1e0d9eda",
    "f0ca4dd7cb498735",
    "a77c7d9c7c803258",
    "9fe604c012aa1174",
    "0984d53a64c324ed",
    "aee84a4823a867e1",
    "c893e8120dec7ec6",
    "09992f7e8d3a6b1c",
    "fe379e22322f46b3",
    "9cd78f8af7ee",
    "c6ee3c1d534f88aa",
    "24028c5109b855bb",
    "1a06c9a236c3",
    "322b69a14e6a",
    "c3f979af059c3538",
    "04b824858f8e92a2",
    "ed315cdaafdf",
    "b14736ea88ec2e4c",
    "ae8d1e33c2175f80",
    "6d8519fbad36780f",
    "9837042508dedd43",
    "059ceee16b35",
    "bcc287b71c36a9d2",
    "47de57d2cad3aa75",
    "14a10ab35734",
    "7aee51022f3f",
    "555119993a779a17",
    "e647d394a621",
    "6f3441e3343b",
    "3a723fc546843c13",
    "8a4f4c07a5e2e46b",
    "e63d6b797f05855f",
    "3bcde57057187817",
    "12330a1d57d01374",
    "78cbda2f53a6",
    "067c986d84b48dd2",
    "90b44e461e34ffa3",
    "f07b026f00364b04",
    "22753598326542c1",
    "5e4916d9e9825dbf",
    "2dd6da6877ae09ab",
    "85e7389736f9",
    "64452ce6d02a4619",
    "1fd538e84244",
    "16d8e905541f448f",
    "90fdc5637534",
    "4705c04c00822a84",
    "f6892c0b1a346945",
    "5a3e53b43e020786",
    "006b88711fe04215",
    "bef5daaa67be1260",
    "5d8052b1347aabc6",
    "80b4dcdca9960234",
    "24b358710ae1dab5",
    "9a03a3f3a8241503",
    "e14f1b868b9b4abf",
    "f3c8a1b6e5490d72",
    "398586f21ea9e1ea",
    "91160255a73b6153",
    "c6116e076cbc9349",
    "51908ef37b79",
    "8cf039c2c69dfca0",
    "d7de8df0d9633e79",
    "05576edf7469aff8",
    "b4d7a0e3f926c851",
    "03f4697765d89758",
    "6ee43bb37980c9ef",
    "7fe2f71fb60e",
    "0769b64ba409d519",
    "240d38f2af3d",
    "81e848c2af7f1193",
    "2e5986cb5634",
    "ee81b1dc16480c19",
    "2fc47e7eb3c46bd8",
    "1fae30f22379df90",
    "37d4d365a4cba89f",
    "e3cf27e127392f9e",
    "9b6a33563d9bdfa4",
    "b66bb9cb77d863da",
    "707a7dd53e8ab38b",
    "44f782ea783c",
    "19172c2c364a4f62",
    "8a4f4c07a5e2",
    "eb8cc49f6d7b289a",
    "68cb333969cdb3ca",
    "95874d244a7f8fab",
    "6da02406f83e3d3c",
    "06d6b24c0be32075",
    "d42de6ac7df7",
    "a1f3c9d24e88",
    "90709ef38bc9f6a7",
    "1ad4329eef58dbf9",
    "c0d43938da704be1",
    "a4533fb314de3870",
    "abf5520aa484",
    "314c9027b9a0",
    "92037059d113",
    "63179a37b500",
    "bfcecae670cc0115",
    "7597aa4e0f9939f4",
    "6cde01186dc6",
    "95e577357eaa7f4e",
    "391c46712c3e3c79",
    "734cc578ea07",
    "9a25e359d135",
    "3951423b2907",
    "7a350947a7988282",
    "8b6e3d1f9a4c2075",
    "3fb96374717a6955",
    "c06df280856b2b03",
    "38f40032a8abf913",
    "0d3995ad493e076d",
    "212b3235abd4e4a7",
    "7e4b56fa0506",
    "1f47d234da32",
    "f04a4cf00dd0",
    "1a83c964c76e3f46",
    "73c7c83796be25de",
    "9f4cc2cfac8f",
    "f0601ca94d6490b9",
    "715f1ee2e943cf23",
    "32d894b5ee2bc387",
    "105919938b5731c4",
    "06f64569310bdb7b",
    "eb11d1de6200ff19",
    "1f79d79dabf334aa",
    "83eca76f049246b9",
    "c2e8e6a14b25a13a",
    "950c37d5fcb75dbc",
    "52d1fcf196473737",
    "febfecf966230fdf",
    "33f01a5236e61ab4",
    "0f78b3c646d8777c",
    "f4e8a216b5c7d309",
    "d960dc1f7e74",
    "62f1d3cf25db22d6",
    "63ab89cc78eee8d3",
    "c5bd7cddedd619c3",
    "4b381184f2474042",
    "e7ae56c2cf14",
    "dcb6844f07de",
    "997ab0feee69",
    "b731d4040dbe",
    "3d1d9f504c96ce27",
    "04dc4c235b2b8014",
    "d055adaabdc2127f",
    "6f660b6f51f8a4b5",
    "b8c8af1f9726408d",
    "7c4d8e9b2f1a3056",
    "173d34ff97c0ff05",
    "e17d4e0d71a7",
    "909e0e62a94a278f",
    "366958a1b032b121",
    "0f35e1b62f2e051e",
    "be7a4b3ec20a",
    "a93f189368b2a27b",
    "efb00496f0e51cf7",
    "105faec1ec16",
    "767697968d0e8f77",
    "c957fe0fa64de911",
    "e2a0de55e90f6304",
    "cb4894707bb2",
    "7da90ab2ca32b158",
    "b04f6d37e2e1",
    "703c3a5dffec",
    "c7d8f168cc3ef3f6",
    "4bcf4f10f5bab82c",
    "6a845f5deacc75ea",
    "4b740fd7b52dc3ba",
    "c2b2d18fcfb2a17b",
    "25a711f1aaf66e0c",
    "6ce21c2ab7aeee24",
    "073a4a9797e84317",
    "f30c6b2e184e",
    "980864e1b8748314",
    "75b4b36e577aa18e",
    "f579aaf16af3",
    "b590f3e8a9abead7",
    "861584da7020",
    "7df18706c852c5b2",
    "b2a7f3e1c9d5840e",
    "25b5256566e351b3",
    "4b5a990ef38a15d5",
    "898ac48cac88",
    "fde13b73b6b27b84",
    "e1f98beb25d1",
    "f5bcb06d4008",
    "710dbc776edb6ce0",
    "41fbd9f16bfa9607",
    "0b63c9566c03624e",
    "4f2d9c8b1e7a3065",
    "dfda53ef54283829",
    "8cc35de20b7045c6",
    "01715331d9a2",
    "8d3f7af71c2ce0e3",
    "2bdf3974f323",
    "b8f88bcb374782ab",
    "b5385198ddb17be1",
    "8ce13cd0ac923515",
    "d43b2c1958452f40",
    "78b9feb98e8c365b",
    "b68afd6473d5",
    "908b2b8b0d47d07b",
    "242fb903dcc9857d",
    "d13e1ed363b3",
    "75dba6b6e44cc3f8",
    "3054b022ba7995bc",
    "6d4299bc4193",
    "ad6370c6b837",
    "9a6775e2f2a1",
    "efc83e8f23a1f186",
    "06fafbcce9b9816f",
    "23d3764e59e174f3",
    "580229869fb8",
    "156d47add085348c",
    "42a06fabf7a64809",
    "fb3fea03027d4ee6",
    "76d5177e503805b2",
    "a7d60befb904",
    "8f4b22142e042c45",
    "a35bf7112a40",
    "2218a3297e7bcc76",
    "6777932dfd04",
    "2dd97c82c3602cab",
    "a48fefb46c8cf33a",
    "8694202e46eab1a1",
    "8ad8951f34cb",
    "d4abdf294a95c282",
    "6883faf88f7f",
    "d2afbea4cbacf451",
    "59758f490839d0c0",
    "52f4c0de1febf31a",
    "94e665203b88",
    "ea8745d4a4069be1",
    "f1a9c3d7e5b82047",
    "bcfc82c167f57809",
    "b46f22edc1178562",
    "5fed2050e612",
    "a338c29d436c",
    "6a92fdfafa2e4eca",
    "efef140aabd05dcc",
    "fc65f41112925302",
    "cc540691c93b5102",
    "56b94c01eaccc75f",
    "a95f07b69366",
    "0f8158a3f1b4",
    "2b53f181fb8ceb9a",
    "34666469e6ed1153",
    "749985c45342d6d6",
    "aac30a6bb8badaa3",
    "041a65dd5f26b16e",
    "ec9d508b9677ec04",
    "a479f8aa5fee651d",
    "8ff1f6f3e156b866",
    "0066141a0f3aec55",
    "ef98d9ce4762",
    "f705882ac564",
    "d2b8f1e5c9a73046",
    "6522f97742b3ccf5",
    "2303eddcef71",
    "72ef20f1c0004fa3",
    "7ed2672e78b916e7",
    "cb87d43d10cc18ab",
    "7d1bbdf412a5fe0b",
    "363e03326afc62b2",
    "8b35dfdd05b8b955",
    "657b28b24473d483",
    "405bbdd028b9",
    "d6ff216e50f0af9d",
    "2170d0669917",
    "6032b693fcae73c1",
    "b93e0dc778b0dc70",
    "3f2bae29026fb5b2",
    "c11636987d7257ec",
    "072ef1e3b693ef65",
    "e06472794bcdc923",
    "b028bded9704fd41",
    "af02c5de1be2f70e",
    "0992af90512d1480",
    "c666576e410246fd",
    "16b50626f446",
    "7410d5a8f3a9",
    "79133b595250a2c6",
    "0fd4b61049ec",
    "85ac320e14ed",
    "4312b6f0f68ccc26",
    "0ee9ace838d2",
    "c95d329526cfb63e",
    "702b143001cb5c63",
    "e9a2f4c7b8310d6a",
    "51c9a391deaca864",
    "a6f514d3f5b92fea",
    "8a12e6a04fdcb381",
    "c0b674a48c9310eb",
    "7be73c1a05b07b6a",
    "09c2814f4d0d",
    "e1c4d761490c637d",
    "884c16161bbd",
    "acf11f617ffb",
    "4f970144e7972810",
    "9900ce7ff688f96c",
    "ec752d234caca87a",
    "d6a5806096a5f3e1",
    "4df37e6640db",
    "27a7750b9c6f0715",
    "6d3c8f1b9a2e5074",
    "3c795a8d2bbf",
    "810c5b9f1fc828a2",
    "89a066354336e147",
    "7b734a6c79ed0d5f",
    "981cc1dfa7333f92",
    "5a07e7975d3eeebd",
    "5a67b91057e6e0d5",
    "2b20361eb325077c",
    "0a927d61d37e6b65",
    "ee9e35a3697c",
    "6003f8764ad8e66e",
    "a6aeeb3bbf4d84dc",
    "c892eb87f459",
    "3f8f11a3a233",
    "ec58beb8de77da9f",
    "3d6da793b44d6478",
    "dad452ac3f262470",
    "b64d13013f5d",
    "25a04a8b4d9bd6b6",
    "99b4036ca0543440",
    "8c4a40fdc272",
    "f2cc823ac3f7a964",
    "4e72a77f7b052450",
    "ef9934d9e98f",
    "5b9bd3cc00bd0f47",
    "0d0d9199b244e4fa",
    "e0b00677de40df54",
    "12bdde548e025f41",
    "5927b82fd851aee9",
    "b92ea7ce75fc89df",
    "381fe88106d98507",
    "c80150c33a09",
    "cc7a2d2cf2d9d9ab",
    "e598d9e97833efbc",
    "1b6f363a904af932",
    "4f794a81d90f",
    "c8dc1183ba885e6c",
    "dc79ebc23ffb1b8a",
    "0aaee1fb4eba761c",
    "1c0a4968ab722625",
    "443b98276d3c237b",
    "91f363d2fe649d0d",
    "5d9f320c378ac1e6",
    "7d9a655caf37e91c",
    "16d739ab450a0811",
    "018f2bfa3312",
    "64d25ddf9aa1631f",
    "ddaa9fd457398802",
    "8fd9506aaf7e",
    "713a3ba5f4a246a2",
    "ace296dea929cb07",
    "540ded1028f0",
    "53b29edd9cf9ee1a",
    "e4c6ddbd0a60ff72",
    "608e23a07f7c",
    "96090728749edd7a",
    "f6b9d2e5a0384c17",
    "bc346052375ac242",
    "eee4ce2fad339b7b",
    "b7ccc55eb2bb3b08",
    "4e96c7112b35c34e",
    "bf36a96d9b74bd4d",
    "0841677cd887232e",
    "d189b53927dcbba7",
    "c03953eca5f39eef",
    "0817195b6777e07e",
    "4fc40402d659",
    "90ecc288c6ea",
    "e12cd4c2a145eb80",
    "eec45b33da5b",
    "9eb8697bfc02",
    "a43cff30b7448581",
    "448d853f27eb2b9c",
    "4fae234b4165df3d",
    "a7cec2ad903ea3e5",
    "df7d076d51e51a4e",
    "67612a377f61",
    "163df098996c361d",
    "7a851cc9862eb5f4",
    "a6163a7f66f012db",
    "2e93c62a935ebd97",
    "a1c6e3f8b4250d79",
    "09988a5f6d7b8c9e",
    "2bdd2e9dd6fee3fe",
    "95ff69f530bc6715",
    "09dddc9081a5",
    "781bb4238006",
    "a55e2dd506bb",
    "184d4deb6899",
    "26d79712c60d",
    "2f7c822238bab3cc",
    "dbebedcc2927bdca",
    "127a63fbaeb3",
    "9982d68ec73faf8f",
    "a8b5d1f4c2730e96",
    "da44825cae53c135",
    "5f51942a529dfd0f",
    "78d8175113a3bd11",
    "16154e0f30596199",
    "c3b6727042deb87d",
    "c0d24cd632b0b7bf",
    "2dddf18b15abcb46",
    "28df182c59e7c0bd",
    "1b69be34e91c50e5",
    "55e81a878c3b",
    "20e8e9358c522cf3",
    "b6ce4d9cc612e7a6"
  ]
}